// Jest Snapshot v1, https://goo.gl/fbAQLP

exports[`Task component renders the task correctly 1`] = `
<div
  className="col-xs-12 task task-1"
>
  <div
    className="row middle-xs between-xs"
  >
    <div
      className="col-xs-7 col-sm-9"
    >
      <button
        className="toggle-btn add"
        onClick={[Function]}
        type="button"
      >
        âœ“
      </button>
      <span
        className="toggle-task"
      >
        Sample Task
      </span>
      <p
        className="task-description"
      />
    </div>
    <div
      className="col-xs-5 col-sm-3"
    >
      <button
        className="edit-task"
        onClick={[Function]}
        type="button"
      >
        Edit
      </button>
      <button
        className="delete-task"
        onClick={[Function]}
        type="button"
      >
        Delete
      </button>
    </div>
  </div>
  <div
    className="col-xs-12"
  >
    <hr />
  </div>
</div>
`;
